
=== CordOS boot ===
VMM64 identity-map OK PML4=0x000000000x0146E000
Heap OK pages=256
fb: cmdline gfx=1920x1080
fb: Multiboot 1920x1080x32
fb: Bochs VBE clamp columns on 1920x1080
fb: pitch 7688 (row 1922px) ready 1920x1080x32
fb: hw page-flip OFF (single buffer)
pci: enumerating buses 0-7
pci: 0:0.0 vend=0x00008086 dev=0x00001237 class=0x00000006/0x00000000
pci: 0:1.0 vend=0x00008086 dev=0x00007000 class=0x00000006/0x00000001
pci: 0:1.1 vend=0x00008086 dev=0x00007111 class=0x00000001/0x00000001
pci: 0:2.0 vend=0x000080EE dev=0x0000BEEF class=0x00000003/0x00000000
pci: 0:3.0 vend=0x00008086 dev=0x0000100E class=0x00000002/0x00000000
pci: 0:4.0 vend=0x000080EE dev=0x0000CAFE class=0x00000008/0x00000080
pci: 0:5.0 vend=0x00008086 dev=0x00002415 class=0x00000004/0x00000001
pci: 0:6.0 vend=0x0000106B dev=0x0000003F class=0x0000000C/0x00000003
pci: 0:7.0 vend=0x00008086 dev=0x00007113 class=0x00000006/0x00000080
pci: 0:11.0 vend=0x00008086 dev=0x0000265C class=0x0000000C/0x00000003
pci: found 10 device(s)
virtio-net: no detectado en bus 0
wlan-host: COM2 listo (radio del anfitrion)
usb: EHCI puertos=12
wlan: radio=0 host=1
e1000: mac=0x00000008:0x00000000:0x00000027:0x00000028:0x00000054:0x0000001C link=0
net: NIC lista (DHCP al usar ping)
ipc: pipe self-test OK
devices: pci=10
ata: probe 0x1F0/0x170
ata: sec-master IDENT err skip
ata: sec-slave IDENT err skip
ata: no HDD
phase6: root=initrd
persist: no disk
userdb: no disk
