[07:21:46] start pipe=cordos-wlan
[07:21:46] waiting for guest
[07:21:59] guest connected
[07:22:25] scan 1 nets
[07:22:31] connect 'SASHA' -> True
[07:40:17] guest disconnected
[07:40:18] waiting for guest
[07:41:07] start pipe=cordos-wlan
[07:41:07] waiting for guest
[07:41:20] guest connected
[07:41:54] scan 1 nets
[07:41:57] connect 'SASHA' -> True
[07:46:56] guest disconnected
[07:46:56] waiting for guest
[07:47:12] guest connected
[07:47:31] scan 1 nets
[07:47:39] connect 'SASHA' -> True
[07:48:06] guest disconnected
[07:48:06] waiting for guest
[07:48:50] start pipe=cordos-wlan
[07:48:50] waiting for guest
[07:49:03] guest connected
[07:52:14] scan 1 nets
[07:52:25] connect 'SASHA' -> True
[07:53:03] guest disconnected
[07:53:04] waiting for guest
[08:13:48] start pipe=cordos-wlan
[08:13:48] waiting for guest
[08:14:02] guest connected
[08:14:20] scan 1 nets
[08:14:26] connect 'SASHA' -> True
[08:24:09] guest disconnected
[08:24:09] waiting for guest
[08:42:59] start pipe=cordos-wlan
[08:42:59] waiting for guest
[08:43:18] guest connected
[08:43:34] guest disconnected
[08:43:34] waiting for guest
[08:59:55] start pipe=cordos-wlan
[08:59:55] waiting for guest
[09:00:14] guest connected
[09:09:24] guest disconnected
[09:09:24] waiting for guest
[09:55:24] guest connected
[09:58:27] guest disconnected
[09:58:27] waiting for guest
[12:16:21] start client pipe=cordos-wlan
[12:16:21] connected to vbox
[12:25:43] disconnected
[12:25:55] connected to vbox
[12:32:53] disconnected
[12:33:05] connected to vbox
[12:35:21] disconnected
[12:35:35] connected to vbox
[12:37:05] disconnected
[12:41:31] connected to vbox
[13:51:07] disconnected
[13:51:19] connected to vbox
[14:00:54] scan 10 nets
[14:08:12] disconnected
[14:12:59] exit
[15:52:39] disconnected
[15:55:57] connected to vbox
[15:55:57] start client pipe=cordos-wlan
[15:56:21] scan 1 nets
[15:56:23] connect 'SASHA' -> True
[15:56:52] disconnected
[15:57:32] connected to vbox
[15:57:32] start client pipe=cordos-wlan
[15:57:49] scan 1 nets
[16:07:48] exit
[16:07:52] disconnected
[16:11:44] connected to vbox
[16:11:44] start client pipe=cordos-wlan
[16:12:58] scan 1 nets
[16:22:00] exit
[16:26:43] disconnected
[16:27:18] connected to vbox
[16:27:19] start client pipe=cordos-wlan
[16:29:02] scan 1 nets
[16:37:35] exit
[16:47:16] disconnected
[16:47:37] connected to vbox
[16:47:37] start client pipe=cordos-wlan
[16:51:47] start client pipe=cordos-wlan
[16:51:47] connected to vbox
[16:58:53] disconnected
[16:59:16] start client pipe=cordos-wlan
[16:59:16] connected to vbox
[16:59:37] disconnected
[17:09:51] exit
[17:14:22] start client pipe=cordos-wlan
[17:14:22] connected to vbox
[17:14:41] disconnected
[17:18:23] start client pipe=cordos-wlan
[17:18:23] connected to vbox
[17:18:46] disconnected
[17:24:47] start client pipe=cordos-wlan
[17:24:47] connected to vbox
[17:37:50] disconnected
[17:39:09] start client pipe=cordos-wlan
[17:39:09] connected to vbox
[17:45:32] disconnected
[17:45:51] start client pipe=cordos-wlan
[17:45:51] connected to vbox
[17:56:56] disconnected
[17:57:06] connected to vbox
[17:57:37] disconnected
[17:58:44] connected to vbox
[18:00:25] disconnected
[18:06:48] connected to vbox
[18:10:54] disconnected
[18:11:05] connected to vbox
[18:12:42] disconnected
[18:14:57] exit
[18:18:35] start client pipe=cordos-wlan
[18:18:35] connected to vbox
[18:26:19] disconnected
[18:26:29] connected to vbox
[18:29:53] disconnected
[18:30:45] start client pipe=cordos-wlan
[18:30:45] connected to vbox
[18:46:52] disconnected
[18:47:13] start client pipe=cordos-wlan
[18:47:13] connected to vbox
[18:52:48] disconnected
[19:03:02] exit
[19:19:13] start client pipe=cordos-wlan
[19:19:13] connected to vbox
